// Jest Snapshot v1, https://goo.gl/fbAQLP

exports[`TestView.vue renders correctly 1`] = `
<div class="filter-evaluate-example">
  <div class="filter-evaluate-example__filters">
    <b-field-stub addons="true" class="filter-evaluate-example__filters__input-text">
      <b-input-stub value="" type="text" hascounter="true" customclass="" iconright="magnify" debounce="750"></b-input-stub>
    </b-field-stub>
    <div class="filter-evaluate-example__filters__wrapper">
      <div class="filter-evaluate-example__filters__wrapper__text">
        some specific text:
      </div>
      <b-field-stub addons="true">
        <b-autocomplete-stub value="" data="" field="value" openonfocus="true" formatters="inputFormatters" placeholder="some specific text" dropdown-position="bottom"></b-autocomplete-stub>
      </b-field-stub>
      <b-field-stub addons="true">
        <b-autocomplete-stub value="" data="" field="value" openonfocus="true" formatters="inputFormatters" placeholder="some specific text" dropdown-position="bottom"></b-autocomplete-stub>
      </b-field-stub>
      <!---->
    </div>
  </div>
</div>
`;
