// Jest Snapshot v1, https://goo.gl/fbAQLP

exports[`NewEvaluateExample.vue renders correctly 1`] = `
<div class="new-sentence">
  <div>
    <h2>some specific text</h2> <span>
      some specific text
    </span>
  </div>
  <div class="new-sentence__form">
    <form>
      <div class="new-sentence__form__wrapper">
        <div>
          <b-field-stub addons="true">
            <example-text-with-highlighted-entities-input-stub value="" entities="" placeholder="some specific text" id="tour-evaluate-step-2" is-previous-disabled="true" is-step-blocked="true"></example-text-with-highlighted-entities-input-stub>
          </b-field-stub>
        </div>
        <div>
          <b-field-stub addons="true" id="tour-evaluate-step-3" is-previous-disabled="true" is-step-blocked="true">
            <b-select-stub placeholder="some specific text" expanded="">
              <option value="affirm">
                affirm
              </option>
              <option value="cuisine">
                cuisine
              </option>
              <option value="greet">
                greet
              </option>
            </b-select-stub>
          </b-field-stub>
        </div>
        <div class="new-sentence__form__wrapper__submit-btn">
          <b-tooltip-stub active="true" type="is-dark" label="some specific text, some specific text" position="is-top" multilined="true" size="is-medium" is-active="true">
            <b-button-stub type="is-primary" nativetype="button" tag="button" id="tour-evaluate-step-4" is-next-disabled="true" is-previous-disabled="true" disabled="true" is-step-blocked="true">some specific text</b-button-stub>
          </b-tooltip-stub>
        </div>
      </div>
      <b-field-stub addons="true" class="new-sentence__form__entities">
        <div class="columns">
          <div class="column is-one-third">
            <entities-input-stub value="" repository="[object Object]" text="" availableentities="" entitiesforedit="" available-labels="" testing="true"></entities-input-stub>
          </div>
        </div>
      </b-field-stub>
    </form>
  </div>
</div>
`;
