// Jest Snapshot v1, https://goo.gl/fbAQLP

exports[`SentencesTest.vue renders correctly 1`] = `
<div class="bh-grid bh-grid--column">
  <div class="bh-grid">
    <h1>Test Sentences</h1>
  </div>
  <filter-sentences-test-stub debouncetime="750" intents="" labels=""></filter-sentences-test-stub>
  <sentences-test-list-stub repository="[object Object]" query="[object Object]"></sentences-test-list-stub>
</div>
`;
