// Jest Snapshot v1, https://goo.gl/fbAQLP

exports[`RepositoryNavigation.vue renders correctly 1`] = `
<div class="repository-nav">
  <div class="repository-nav__desktop">
    <router-link-stub to="[object Object]" tag="a" event="click">Summary</router-link-stub>
    <router-link-stub to="[object Object]" tag="a" event="click">Training</router-link-stub>
    <router-link-stub to="[object Object]" tag="a" event="click">Translate</router-link-stub>
    <router-link-stub to="[object Object]" tag="a" event="click">Translation status</router-link-stub>
    <router-link-stub to="[object Object]" tag="a" event="click">Integration</router-link-stub>
    <router-link-stub to="[object Object]" tag="a" event="click">Settings</router-link-stub>
  </div>
  <div class="repository-nav__mobile">
    <bhdropdown-stub position="left">
      <bhicon-stub value="dots-vertical" size="normal" class="clickable text-color-primary"></bhicon-stub>
      <bhdropdownitem-stub>Summary</bhdropdownitem-stub>
      <bhdropdownitem-stub>Training</bhdropdownitem-stub>
      <bhdropdownitem-stub>Translate</bhdropdownitem-stub>
      <bhdropdownitem-stub>Translation status</bhdropdownitem-stub>
      <bhdropdownitem-stub>Integration</bhdropdownitem-stub>
      <bhdropdownitem-stub>Settings</bhdropdownitem-stub>
    </bhdropdown-stub>
  </div>
</div>
`;
