// Jest Snapshot v1, https://goo.gl/fbAQLP

exports[`RepositoryNavigation.vue renders correctly 1`] = `
<div class="repository-nav">
  <div class="repository-nav__desktop">
    <router-link-stub to="[object Object]" tag="a" event="click">Status</router-link-stub>
    <router-link-stub to="[object Object]" tag="a" event="click">Trainings</router-link-stub>
    <router-link-stub to="[object Object]" tag="a" event="click">Translate</router-link-stub>
    <router-link-stub to="[object Object]" tag="a" event="click">Translated Sentences</router-link-stub>
    <router-link-stub to="[object Object]" tag="a" event="click">Analyze Text</router-link-stub>
    <router-link-stub to="[object Object]" tag="a" event="click">Settings</router-link-stub>
  </div>
  <div class="repository-nav__mobile">
    <bhdropdown-stub position="left">
      <bhicon-stub value="dots-vertical" size="normal" class="clickable text-color-primary"></bhicon-stub>
      <bhdropdownitem-stub>Status</bhdropdownitem-stub>
      <bhdropdownitem-stub>Trainings</bhdropdownitem-stub>
      <bhdropdownitem-stub>Translate</bhdropdownitem-stub>
      <bhdropdownitem-stub>Translated Sentences</bhdropdownitem-stub>
      <bhdropdownitem-stub>Analyze Text</bhdropdownitem-stub>
      <bhdropdownitem-stub>Settings</bhdropdownitem-stub>
    </bhdropdown-stub>
  </div>
</div>
`;
