// Jest Snapshot v1, https://goo.gl/fbAQLP

exports[`BaseExamplesTest.vue renders correctly 1`] = `
<div class="base-example-test bh-grid bh-grid--column">
  <bh-button-stub primary="true" type="button" class="base-example-test__new-sentence-btn">Add test sentence</bh-button-stub>
  <filter-example-test-stub debouncetime="750" intents="" labels=""></filter-example-test-stub>
  <example-test-list-stub repository="[object Object]" query="[object Object]"></example-test-list-stub>
  <new-example-test-modal-stub repository="[object Object]"></new-example-test-modal-stub>
</div>
`;
