// Jest Snapshot v1, https://goo.gl/fbAQLP

exports[`UpdateList.vue renders correctly 1`] = `
<div class="update-item">
  <bh-card-stub>
    <div class="update-item__content">
      <div class="update-item__header">
        <bh-language-flag-stub language="en"></bh-language-flag-stub> <span>English</span>
      </div>
      <div class="level">
        <div class="level-left">
          <h4 class="title is-4">
            <div>#1</div>
            <div class="subtitle is-7">
              <div>
                Not trained yet.
              </div>
            </div>
          </h4>
        </div>
        <div class="level-right">
          <!---->
        </div>
      </div>
    </div>
  </bh-card-stub>
  <bh-modal-stub title="" backgroundcloses="true">
    <div class="update-item__log">
      <h2 class="title is-2">Training Log</h2> <pre class="update-item__log__content"></pre>
    </div>
  </bh-modal-stub>
</div>
`;
