// Jest Snapshot v1, https://goo.gl/fbAQLP

exports[`ExampleSearchInput.vue renders correctly 1`] = `
<form>
  <bhtext-stub value="" formatters="" debounce="750">
    <div>
      <bhiconbutton-stub type="submit" value="magnify" size="small"></bhiconbutton-stub>
    </div>
  </bhtext-stub>
</form>
`;
