// Jest Snapshot v1, https://goo.gl/fbAQLP

exports[`NewExampleForm.vue renders correctly 1`] = `
<div>
  <form class="columns is-variable is-2">
    <div class="column is-three-fifths">
      <bh-field-stub errors="">
        <example-text-with-highlighted-entities-input-stub entities="" availableentities="" formatters="textFormatters" size="normal" placeholder="Add a sentence">
          <language-append-select-input-stub class="language-append" slot="append"></language-append-select-input-stub>
        </example-text-with-highlighted-entities-input-stub>
      </bh-field-stub>
    </div>
    <div class="column">
      <bh-field-stub errors="">
        <bh-autocomplete-stub data="" formatters="intentFormatters" size="normal" placeholder="Intent"></bh-autocomplete-stub>
      </bh-field-stub>
    </div>
    <div class="column is-narrow">
      <bh-field-stub errors="">
        <bh-button-stub disabled="true" size="normal" primary="true" type="submit" tooltiphover="You need type a text to sentence,Intent is required">Submit</bh-button-stub>
      </bh-field-stub>
    </div>
  </form>
  <div class="columns is-variable is-1">
    <div class="column is-three-fifths">
      <bh-field-stub errors="">
        <entities-input-stub value="" repository="[object Object]" text="" availableaddlabel="true" availableentities="" availablelabels="" entitiesforedit=""></entities-input-stub>
      </bh-field-stub>
    </div>
  </div>
</div>
`;
