// Jest Snapshot v1, https://goo.gl/fbAQLP

exports[`NewExampleForm.vue renders correctly 1`] = `
<div>
  <form class="columns wrapper is-vcentered is-variable is-2">
    <div class="column is-three-fifths">
      <b-field-stub addons="true">
        <example-text-with-highlighted-entities-input-stub value="" entities="" id="tour-training-step-1" is-previous-disabled="true" is-step-blocked="true" placeholder="some specific text" size="normal">
          <language-append-select-input-stub dropdowndirection="is-bottom-left" class="language-append"></language-append-select-input-stub>
        </example-text-with-highlighted-entities-input-stub>
      </b-field-stub>
    </div>
    <div class="column">
      <b-field-stub addons="true" id="tour-training-step-4" is-previous-disabled="true" is-step-blocked="true">
        <b-autocomplete-stub value="" data="" field="value" openonfocus="true" dropdownposition="bottom" placeholder="some specific text"></b-autocomplete-stub>
      </b-field-stub>
    </div>
    <div class="column is-narrow">
      <b-field-stub addons="true">
        <b-tooltip-stub active="true" type="is-dark" label="some specific text, some specific text" position="is-top" size="is-medium" is-active="true">
          <b-button-stub type="is-primary" nativetype="submit" tag="button" id="tour-training-step-5" is-previous-disabled="true" is-next-disabled="true" disabled="true" is-step-blocked="true">some specific text</b-button-stub>
        </b-tooltip-stub>
      </b-field-stub>
    </div>
  </form>
  <div class="columns is-variable is-1">
    <div class="column is-three-fifths">
      <b-field-stub addons="true">
        <entities-input-stub value="" repository="[object Object]" text="" availableaddlabel="true" availableentities="" availablelabels="" entitiesforedit=""></entities-input-stub>
      </b-field-stub>
    </div>
  </div>
</div>
`;
