// Jest Snapshot v1, https://goo.gl/fbAQLP

exports[`TestView.vue renders correctly 1`] = `
<div class="filter-evaluate-example" intent="like" entity="cat" text="i like to eat sushi">
  <div class="filter-evaluate-example__filters">
    <b-field-stub addons="true" class="filter-evaluate-example__filters__input-text">
      <b-input-stub usehtml5validation="true" statusicon="true" value="" type="text" hascounter="true" customclass="" iconright="magnify" debounce="750"></b-input-stub>
    </b-field-stub>
    <div class="filter-evaluate-example__filters__wrapper filter-evaluate-example__filters__wrapper__has-1-fields">
      <div class="filter-evaluate-example__filters__wrapper__text">
        some specific text:
      </div>
      <b-field-stub addons="true">
        <b-autocomplete-stub usehtml5validation="true" statusicon="true" value="" data="" field="value" openonfocus="true" dropdownposition="bottom" confirmkeys="Tab,Enter" formatters="inputFormatters" placeholder="some specific text"></b-autocomplete-stub>
      </b-field-stub>
      <!---->
      <!---->
      <b-field-stub addons="true">
        <!---->
      </b-field-stub>
    </div>
  </div>
</div>
`;
