// Jest Snapshot v1, https://goo.gl/fbAQLP

exports[`BhIconButton.vue renders correctly 1`] = `<button type="button" class="bh-icon-button">test-file-stub</button>`;

exports[`BhIconButton.vue when Size props is not blank and Primary props is true renders correctly 1`] = `<button type="button" class="bh-icon-button bh-icon-button--primary bh-icon-button--smal">test-file-stub</button>`;

exports[`BhIconButton.vue when primary is true renders correctly 1`] = `<button type="button" class="bh-icon-button bh-icon-button--primary">test-file-stub</button>`;

exports[`BhIconButton.vue when size props is not blank renders correctly 1`] = `<button type="button" class="bh-icon-button bh-icon-button--smal">test-file-stub</button>`;
