// Jest Snapshot v1, https://goo.gl/fbAQLP

exports[`BhTooltip.vue renders correctly 1`] = `<div tabindex="1" class="bh-tooltip" style="display: none;"></div>`;

exports[`BhTooltip.vue when dangers props is true renders correctly 1`] = `<div tabindex="9" class="bh-tooltip bh-tooltip--danger" style="display: none;"></div>`;

exports[`BhTooltip.vue when direction string is blank and danger boolean is true  renders correctly 1`] = `<div tabindex="15" class="bh-tooltip bh-tooltip--danger bh-tooltip--test-class" style="display: none;"></div>`;

exports[`BhTooltip.vue when direction string is blank renders correctly 1`] = `<div tabindex="13" class="bh-tooltip" style="display: none;"></div>`;

exports[`BhTooltip.vue when direction string is true renders correctly 1`] = `<div tabindex="11" class="bh-tooltip bh-tooltip--test-class " style="display: none;"></div>`;
