// Jest Snapshot v1, https://goo.gl/fbAQLP

exports[`CreateRepositoryForm renders correctly 1`] = `
<div class="create-repository">
  <div class="create-repository__container">
    <div class="create-repository__container__indicator">
      <unnnic-indicator numberofsteps="2" currentstep="1" titles="some specific text,some specific text"></unnnic-indicator>
    </div>
    <section class="create-repository__container__steps">
      <intelligence-tab-stub></intelligence-tab-stub>
    </section>
    <section class="create-repository__container__steps" style="display: none;">
      <definitions-tab-stub></definitions-tab-stub>
    </section>
    <!---->
    <unnnic-modal text="some specific text" scheme="feedback-yellow" modal-icon="alert-circle-1"><span slot="message">some specific text</span>
      <unnnic-button slot="options" type="terciary">
        some specific text
      </unnnic-button>
      <unnnic-button slot="options" type="primary" class="create-repository__container__button">
        some specific text
      </unnnic-button>
    </unnnic-modal>
  </div>
</div>
`;
