// Jest Snapshot v1, https://goo.gl/fbAQLP

exports[`CreateRepositoryForm renders correctly 1`] = `
<div class="create-repository">
  <div class="create-repository__container">
    <div class="create-repository__container__indicator">
      <unnnic-indicator-stub numberofsteps="2" titles="some specific text,some specific text" currentstep="1"></unnnic-indicator-stub>
    </div>
    <section class="create-repository__container__steps">
      <intelligence-tab-stub></intelligence-tab-stub>
    </section>
    <section class="create-repository__container__steps" style="display: none;">
      <definitions-tab-stub></definitions-tab-stub>
    </section>
    <section class="create-repository__container__steps" style="display: none;">
      <div class="create-repository__container__steps__wrapper">
        <div class="create-repository__container__steps__wrapper__title">
          <h1>
            some specific text <br>
            some specific text
            <emoji-stub name="Winking Face"></emoji-stub>
          </h1>
        </div>
        <div class="create-repository__container__steps__wrapper__button">
          <router-link to="[object Object]">
            <unnnic-button-stub size="large" type="secondary" class="create-repository__container__steps__wrapper__button__btn">
              some specific text
            </unnnic-button-stub>
          </router-link>
        </div>
      </div>
    </section>
    <unnnic-modal-stub text="some specific text" modalicon="alert-circle-1" closeicon="true" scheme="feedback-yellow"><span>some specific text</span>
      <unnnic-button-stub size="large" type="terciary">
        some specific text
      </unnnic-button-stub>
      <unnnic-button-stub size="large" type="primary" class="create-repository__container__button">
        some specific text
      </unnnic-button-stub>
    </unnnic-modal-stub>
  </div>
</div>
`;
