// Jest Snapshot v1, https://goo.gl/fbAQLP

exports[`EntityEdit renders correctly 1`] = `
<div class="entity-edit__entities-list">
  <div class="entity-edit__title entity-edit__entities-list__header">
    <div class="entity-edit__title entity-edit__entities-list__header__container">
      some specific text
      <div class="entity-edit__title entity-edit__entities-list__header__question">
        <b-tooltip label="some specific text" multilined="" type="is-dark" position="is-right" class="tooltipStyle">
          <b-icon custom-size="mdi-18px" type="is-dark" icon="help-circle"></b-icon>
        </b-tooltip>
      </div>
    </div>
    <b-loading></b-loading>
    <b-field grouped="" class="entity-edit__button-group">
      <b-button type="is-primary" class="entity-edit__button">
        some specific text
      </b-button>
      <b-button type="is-secondary" class="entity-edit__button" style="display: none;">
        some specific text
      </b-button>
    </b-field>
  </div>
  <div>
    <div class="entity-edit__entities-list__labeled-count"><span>
        some specific text
      </span> <span><span>
          some specific text
        </span></span></div>
    <!---->
    <badges-card-drag-drop-stub title="some specific text" list="[object Object],[object Object],[object Object]" examplescount="3" closable="true" identifier="25" examplename="Animal"></badges-card-drag-drop-stub>
    <badges-card-drag-drop-stub title="some specific text" list="[object Object],[object Object],[object Object]" examplescount="3" closable="true" identifier="66" examplename="Flower"></badges-card-drag-drop-stub>
  </div>
  <badges-card-drag-drop-stub title="some specific text" list="[object Object],[object Object],[object Object]" examplescount="3" dark="true" identifier="ungrouped" examplename=""></badges-card-drag-drop-stub>
</div>
`;
