// Jest Snapshot v1, https://goo.gl/fbAQLP

exports[`EntitiesList.vue renders correctly 1`] = `
<div class="intent-list" intentselected="health" totalsentences="10">
  <div class="intent-list__content">
    <div class="intent-list__content__descriptions">
      <h1><strong>some specific text</strong></h1>
      <p><strong>"</strong> <strong>"</strong></p>
    </div>
    <div><button type="button" class="button intent-list__content__button-edit">
        <!----><span>some specific text</span>
        <!---->
      </button></div>
  </div>
  <div class="intent-list__header__options">
    <p> some specific text</p>
  </div>
</div>
`;
