// Jest Snapshot v1, https://goo.gl/fbAQLP

exports[`RequestAuthorizationForm.vue renders correctly 1`] = `
<form>
  <!---->
  <form-generator-stub schema="[object Object]" availablemaxlength="true" errors="[object Object]" showlabels="true" initialdata="[object Object]" value="[object Object]"></form-generator-stub>
  <div>
    <b-button expanded="true" native-type="submit" type="is-primary"> some specific text </b-button>
  </div>
</form>
`;
