// Jest Snapshot v1, https://goo.gl/fbAQLP

exports[`UserProfile.vue renders correctly 1`] = `
<div>
  <h1 class="title is-5 is-marginless"><span>Name</span> <span>(nickname)</span></h1>
  <p>locale</p>
  <p>
    <a href="https://bothub.it/nickname/" target="_blank" class="has-text-grey">https://bothub.it/nickname/</a>
  </p>
</div>
`;
