// Jest Snapshot v1, https://goo.gl/fbAQLP

exports[`TranslationsStatus.vue renders correctly 1`] = `
<div ownernickname="douglas" repositoryslug="repo1">
  <h3 class="has-text-centered"> some specific text </h3>
  <!---->
  <p class="card-count" style="display: none;">
    some specific text
  </p>
</div>
`;
