// Jest Snapshot v1, https://goo.gl/fbAQLP

exports[`NewTranslateForm.vue renders correctly 1`] = `
<div>
  <form class="columns is-variable is-2">
    <div class="column">
      <b-field-stub label="" addons="true">
        <example-text-with-highlighted-entities-input-stub value="" entities="" id="tour-translate-step-4" is-previous-disabled="true" is-step-blocked="true" placeholder="some specific text" size="normal"></example-text-with-highlighted-entities-input-stub>
      </b-field-stub>
    </div>
    <div class="column is-narrow">
      <b-field-stub addons="true">
        <b-button-stub type="is-secondary" nativetype="submit" tag="button" id="tour-translate-step-5" is-next-disabled="true" is-previous-disabled="true" disabled="true">some specific text</b-button-stub>
      </b-field-stub>
    </div>
  </form>
  <div class="columns is-variable is-1">
    <div class="column">
      <b-field-stub addons="true">
        <entities-input-stub value="" repository="[object Object]" text="" availableentities="" availablelabels="" entitiesforedit=""></entities-input-stub>
      </b-field-stub>
    </div>
  </div>
</div>
`;
