// Jest Snapshot v1, https://goo.gl/fbAQLP

exports[`TranslationsList.vue renders correctly 1`] = `
<div>
  <pagination-stub itemcomponent="[object Object]" list="[object Object]" moretext="More" morebutton="true" repository="[object Object]"></pagination-stub>
  <p class="no-examples">some specific text</p>
</div>
`;
