// Jest Snapshot v1, https://goo.gl/fbAQLP

exports[`TranslateList.vue renders correctly 1`] = `
<div>
  <paginatedlist-stub itemcomponent="[object Object]" list="[object Object]" perpage="20" repository="[object Object]" translate-to="es"></paginatedlist-stub>
  <p class="repository-translate__list">
    some specific text
  </p>
</div>
`;
