// Jest Snapshot v1, https://goo.gl/fbAQLP

exports[`TranslateList.vue renders correctly 1`] = `
<div>
  <div class="repository-translate__list__options">
    <div class="repository-translate__list__options__check">
      <b-checkbox-stub truevalue="true"></b-checkbox-stub> Select All
    </div>
    <div class="repository-translate__list__options__buttons">
      <b-button-stub type="is-primary" iconright="pencil" nativetype="button" tag="button"></b-button-stub>
      <b-button-stub type="is-primary" iconright="delete" nativetype="button" tag="button"></b-button-stub>
      <b-button-stub type="is-primary" iconright="check-bold" nativetype="button" tag="button" style="display: none;"></b-button-stub>
      <b-button-stub type="is-primary" iconright="close-thick" nativetype="button" tag="button" style="display: none;"></b-button-stub>
    </div>
  </div>
  <paginatedlist-stub itemcomponent="[object Object]" list="[object Object]" perpage="20" addattributes="[object Object]" emptymessage="some specific text" loadall="true" itemkey="id" repository="[object Object]" translate-to="es"></paginatedlist-stub>
</div>
`;
