// Jest Snapshot v1, https://goo.gl/fbAQLP

exports[`MultipleChoice.vue renders correctly 1`] = `
<b-taginput-stub expanded="true" icon="label" autocomplete="true" usehtml5validation="true" value="" data="pt,pt-br,en" hascounter="true" field="display_name" openonfocus="true" closable="true" confirmkeycodes="13,188" removeonkeys="8" onpasteseparators="," beforeadding="function _default() {
        return true;
      }" clear-on-select=""></b-taginput-stub>
`;
