// Jest Snapshot v1, https://goo.gl/fbAQLP

exports[`SiteFooter.vue renders correctly 1`] = `
<footer>
  <div class="footer__background-svg"><img src="test-file-stub" alt="footer"></div>
  <div class="container">
    <div class="footer-content">
      <div class="bh-grid">
        <div class="bh-grid__item">
          <div class="footer-item footer-brand"><img src="~@/assets/imgs/logo-white.svg" alt="bothub">
            <div>Webapp v0.0.0</div>
          </div>
          <ul class="footer-item">
            <li><a href="#">Terms &amp; conditions</a></li>
          </ul>
          <ul class="footer-item footer-sociallist">
            <li class="footer-sociallist-item"><a href="https://www.facebook.com/bothub.it" target="_blank">
                <bicon-stub icon="facebook"></bicon-stub>
              </a></li>
            <li class="footer-sociallist-item"><a href="https://github.com/Ilhasoft/bothub/" target="_blank">
                <bicon-stub icon="github-circle"></bicon-stub>
              </a></li>
          </ul>
        </div>
        <div class="bh-grid__item">
          <h4 class="footer-title">Contact Us</h4>
          <div class="footer-section-item">
            <p>bothub@ilhasoft.com.br</p>
          </div>
          <div class="footer-section-item">
            <p>Rua José Pontes de Magalhães 70,</p>
            <p>JTR Ed. Espanha Sala 803,</p>
            <p>Jatiúca - Maceió AL</p>
          </div>
          <div class="footer-section-item">
            <p>+55 82 3022.5978</p>
          </div>
        </div>
        <div class="bh-grid__item">
          <h4 class="footer-title">Subscribe</h4>
          <div class="footer-section-item">
            <p>Enter your email to get notified about our news:</p>
          </div>
          <form>
            <div class="footer-has-input">
              <bh-text type="email" no-border="" placeholder="Your best email">
                <div slot="append">
                  <bh-icon-button size="small" value="chevron-right" class="text-color-grey-dark"></bh-icon-button>
                </div>
              </bh-text>
            </div>
          </form>
        </div>
      </div>
    </div>
    <div class="footer-license">
      <p class="has-text-centered">Bothub is a project by Ilhasoft.
        © 2018 All rights reserved.</p>
    </div>
  </div>
</footer>
`;
