// Jest Snapshot v1, https://goo.gl/fbAQLP

exports[`ChangePasswordForm.vue renders correctly 1`] = `
<form>
  <loading-stub></loading-stub>
  <!---->
  <div class="field">
    <div class="control has-text-centered">
      <b-button native-type="submit" type="is-primary" class="submit">some specific text</b-button>
    </div>
  </div>
</form>
`;
