// Jest Snapshot v1, https://goo.gl/fbAQLP

exports[`LanguageAppendSelectInput.vue renders correctly 1`] = `
<bhdropdown-stub class="language-append-select-input"><span class="clickable bh-grid language-append-select-input__language-select"><bhicon-stub value="earth"></bhicon-stub> <bhicon-stub value="menu-down" class="align"></bhicon-stub></span>
  <bhdropdownitem-stub><span>English</span></bhdropdownitem-stub>
  <bhdropdownitem-stub><span>Portuguese</span></bhdropdownitem-stub>
</bhdropdown-stub>
`;
