// Jest Snapshot v1, https://goo.gl/fbAQLP

exports[`SideBar.vue renders correctly 1`] = `
<div class="sidebar">
  <unnnic-sidebar expanded="true" class="sidebar-wrapper">
    <div slot="header" class="unnic--clickable sidebar-wrapper__header">
      <div class="sidebar-wrapper__header__field">
        <unnnic-icon icon="science-fiction-robot-1" scheme="aux-blue" size="sm" hasbackground=""></unnnic-icon>
        <div class="sidebar-wrapper__header__field__description">
          <div class="sidebar-wrapper__header__field__description__repository">
            <p class="sidebar-wrapper__header__field__description__repository__title">
              bothub
            </p> <span><unnnic-icon hasbackground="" icon="button-refresh-arrows-1" size="sm" class="unnic--clickable
         sidebar-wrapper__header__field__description__repository__icon"></unnnic-icon></span>
          </div>
          <p class="sidebar-wrapper__header__field__description__created-by">
            CRIADO POR
            <span class="sidebar-wrapper__header__field__description__created-by__nick">
           WENI
         </span>
          </p>
        </div>
      </div>
      <unnnic-select selected="bothub" size="sm" class="unnic--clickable sidebar-wrapper__header__select">
        <unnnic-select-item size="sm">
          some specific text
        </unnnic-select-item>
      </unnnic-select>
    </div>
    <div class="sidebar-wrapper__body">
      <unnnic-sidebar-menu>
        <unnnic-sidebar-item icon="layout-dashboard-1" text="some specific text" class="sidebar-wrapper__body--active"></unnnic-sidebar-item>
        <unnnic-sidebar-item icon="flash-1-3" text="some specific text" class="">
          <!---->
        </unnnic-sidebar-item>
        <unnnic-sidebar-item icon="check-square-1" text="some specific text" class="">
          <div class="sidebar-wrapper__body__item" style="display: none;">
            <unnnic-sidebar-item text="some specific text" class=""></unnnic-sidebar-item>
            <unnnic-sidebar-item text="some specific text" class=""></unnnic-sidebar-item>
          </div>
        </unnnic-sidebar-item>
        <unnnic-sidebar-item icon="download-bottom-1" text="some specific text" class=""></unnnic-sidebar-item>
        <unnnic-sidebar-item icon="translate-1" text="some specific text" class="">
          <div class="sidebar-wrapper__body__item" style="display: none;">
            <unnnic-sidebar-item text="some specific text" class=""></unnnic-sidebar-item>
            <unnnic-sidebar-item text="some specific text" class=""></unnnic-sidebar-item>
          </div>
        </unnnic-sidebar-item>
        <unnnic-sidebar-item icon="charger-1" text="some specific text" class=""></unnnic-sidebar-item>
        <unnnic-sidebar-item icon="cog-1" text="some specific text" class="">
          <div class="sidebar-wrapper__body__item" style="display: none;">
            <unnnic-sidebar-item text="some specific text" class=""></unnnic-sidebar-item>
            <unnnic-sidebar-item text="some specific text" class=""></unnnic-sidebar-item>
          </div>
        </unnnic-sidebar-item>
      </unnnic-sidebar-menu>
    </div>
    <div slot="footer">
      <unnnic-sidebar-item icon="expand-8-1" text="Encolher"></unnnic-sidebar-item>
    </div>
  </unnnic-sidebar>
</div>
`;
