// Jest Snapshot v1, https://goo.gl/fbAQLP

exports[`SideBar.vue renders correctly 1`] = `
<div class="sidebar">
  <unnnic-sidebar expanded="true" class="sidebar-wrapper">
    <div slot="header" class="unnic--clickable sidebar-wrapper__header">
      <div class="sidebar-wrapper__header__field">
        <unnnic-icon icon="arrow-left-1-1" scheme="aux-blue" size="sm" hasbackground="" class="sidebar-wrapper__header__field__icon"></unnnic-icon>
        <div class="sidebar-wrapper__header__field__description">
          <div class="sidebar-wrapper__header__field__description__repository">
            <unnnic-tool-tip text="bothub" enabled="" side="right">
              <p class="sidebar-wrapper__header__field__description__repository__title">
                bothub
              </p>
            </unnnic-tool-tip>
          </div>
          <p class="sidebar-wrapper__header__field__description__created-by"><span class="sidebar-wrapper__header__field__description__created-by__text">
              CRIADO POR
            </span> <span class="sidebar-wrapper__header__field__description__created-by__nick">
              WENI
            </span></p>
        </div>
      </div>
      <unnnic-select selected="bothub" size="sm" placeholder="bothub" class="unnic--clickable sidebar-wrapper__header__select"></unnnic-select>
    </div>
    <div class="sidebar-wrapper__body">
      <unnnic-sidebar-menu>
        <unnnic-sidebar-item icon="layout-dashboard-2" text="some specific text" class="sidebar-wrapper__body--active"></unnnic-sidebar-item>
        <section class="training-menu">
          <unnnic-sidebar-item icon="flash-1-3" text="some specific text" class=""></unnnic-sidebar-item>
          <div class="sidebar-wrapper__body__item" style="display: none;">
            <unnnic-sidebar-item text="some specific text" class=""></unnnic-sidebar-item>
            <unnnic-sidebar-item text="some specific text" class=""></unnnic-sidebar-item>
          </div>
        </section>
        <section class="evaluate-menu">
          <unnnic-sidebar-item icon="check-square-1" text="some specific text" class=""></unnnic-sidebar-item>
          <div class="sidebar-wrapper__body__item" style="display: none;">
            <unnnic-sidebar-item text="some specific text" class=""></unnnic-sidebar-item>
            <unnnic-sidebar-item text="some specific text" class=""></unnnic-sidebar-item>
          </div>
        </section>
        <unnnic-sidebar-item icon="download-bottom-1" text="some specific text" class=""></unnnic-sidebar-item>
        <section class="translate-menu">
          <unnnic-sidebar-item icon="translate-1" text="some specific text" class=""></unnnic-sidebar-item>
          <div class="sidebar-wrapper__body__item" style="display: none;">
            <unnnic-sidebar-item text="some specific text" class=""></unnnic-sidebar-item>
            <unnnic-sidebar-item text="some specific text" class=""></unnnic-sidebar-item>
          </div>
        </section>
        <unnnic-sidebar-item icon="charger-1" text="some specific text" class=""></unnnic-sidebar-item>
        <section class="settings-menu">
          <unnnic-sidebar-item icon="cog-1" text="some specific text" class=""></unnnic-sidebar-item>
          <div class="sidebar-wrapper__body__item" style="display: none;">
            <unnnic-sidebar-item text="some specific text" class=""></unnnic-sidebar-item>
            <unnnic-sidebar-item text="some specific text" class=""></unnnic-sidebar-item>
          </div>
        </section>
      </unnnic-sidebar-menu>
    </div>
    <div slot="footer">
      <unnnic-sidebar-item icon="expand-8-1" text="Encolher"></unnnic-sidebar-item>
    </div>
  </unnnic-sidebar> <span class="sidebar__divider"></span>
</div>
`;
