// Jest Snapshot v1, https://goo.gl/fbAQLP

exports[`RepositoryLog.vue renders correctly 1`] = `
<repository-view-base-stub quicktest="true">
  <div>
    <div class="maintenance"><img src="@/assets/imgs/maintance.svg" alt="" srcset="">
      <h2>some specific text</h2>
      <p>some specific text</p>
    </div>
  </div>
</repository-view-base-stub>
`;
