// Jest Snapshot v1, https://goo.gl/fbAQLP

exports[`EntitiesList.vue renders correctly 1`] = `
<div class="entity-list">
  <div class="entity-list__content">
    <div class="entity-list__content__descriptions">
      <h1><strong>some specific text</strong></h1>
      <b-tag size="is-medium" class="entity-list__content__descriptions__tag entity-sunflower">
        <div></div>
      </b-tag>
    </div>
    <div>
      <b-button class="entity-list__content__buttonEdit">some specific text</b-button>
    </div>
  </div>
  <div class="entity-list__header__options">
    <p> some specific text</p>
  </div>
</div>
`;
