// Jest Snapshot v1, https://goo.gl/fbAQLP

exports[`EntitiesInput.vue newEntity emit new event change text to "my name is" renders correctly 1`] = `
<div>
  <bh-button-stub disabled="true" size="small" primary="true" type="button" rounded="true" tooltiphover="Highlight words to mark as entity"><span><span>Add entity</span>
    <!----></span></bh-button-stub>
</div>
`;

exports[`EntitiesInput.vue newEntity emit new event renders correctly 1`] = `
<div>
  <bh-button-stub disabled="true" size="small" primary="true" type="button" rounded="true" tooltiphover="Highlight words to mark as entity"><span><span>Add entity</span>
    <!----></span></bh-button-stub>
</div>
`;

exports[`EntitiesInput.vue renders correctly 1`] = `
<div>
  <bh-button-stub disabled="true" size="small" primary="true" type="button" rounded="true" tooltiphover="Highlight words to mark as entity"><span><span>Add entity</span>
    <!----></span></bh-button-stub>
</div>
`;
