// Jest Snapshot v1, https://goo.gl/fbAQLP

exports[`LanguageAppendSelectInput.vue renders correctly 1`] = `
<b-dropdown scrollable="true" position="is-bottom-left" max-height="175" class="language-append-select-input"><span slot="trigger" class="clickable language-append-select-input__language-select"><b-icon size="is-small" icon="earth" class="language-icon language-icon__menu__no-val"></b-icon> <b-icon size="is-small" icon="menu-down" class="clickable align language-icon language-icon__menu"></b-icon></span>
  <b-dropdown-item><span>English</span></b-dropdown-item>
  <b-dropdown-item><span>Brazilian Portuguese</span></b-dropdown-item>
</b-dropdown>
`;
