// Jest Snapshot v1, https://goo.gl/fbAQLP

exports[`BhText.vue without initial formatters renders correctly 1`] = `
VueWrapper {
  "_emitted": Object {},
  "_emittedByOrder": Array [],
  "isFunctionalComponent": undefined,
}
`;

exports[`BhText.vue without initial formatters with small size renders correctly 1`] = `
VueWrapper {
  "_emitted": Object {},
  "_emittedByOrder": Array [],
  "isFunctionalComponent": undefined,
}
`;
