// Jest Snapshot v1, https://goo.gl/fbAQLP

exports[`QuickTest.vue renders correctly 1`] = `
<div class="quick-test">
  <div class="quick-test__collapse-button">
    <b-icon-stub icon="chevron-left"></b-icon-stub>
    <p class="quick-test__collapse-button__text"> some specific text </p>
  </div>
  <div class="quick-test__container collapsed">
    <div class="quick-test__inner-container">
      <div class="quick-test__text-area"></div>
      <div class="quick-test__input">
        <example-text-with-highlighted-entities-input-stub entities="" availableentities="" placeholder="some specific text" size="normal">
        <text-area-input-stub size="normal" placeholder="Add a sentence">
        </text-area-input-stub>
      </div>
    </div>
  </div>
</div>
`;
