// Jest Snapshot v1, https://goo.gl/fbAQLP

exports[`VersionDropdown.vue renders correctly 1`] = `
<div class="version_dropdown"><span class="version_dropdown__number">

  </span>
  <b-dropdown-stub maxheight="200" mobilemodal="true" ariarole="list" animation="fade" closeonclick="true" canclose="true">
    <!---->
    <b-dropdown-item-stub focusable="true" ariarole="listitem">
      some specific text
    </b-dropdown-item-stub>
  </b-dropdown-stub>
</div>
`;
