// Jest Snapshot v1, https://goo.gl/fbAQLP

exports[`NewTranslateForm.vue renders correctly 1`] = `
<div>
  <form class="columns is-variable is-2">
    <div class="column">
      <bh-field-stub label="" errors="">
        <example-text-with-highlighted-entities-input-stub entities="" availableentities="" placeholder="Translate sentence" size="normal"></example-text-with-highlighted-entities-input-stub>
      </bh-field-stub>
    </div>
    <div class="column is-narrow">
      <bh-field-stub label="" errors="">
        <bh-button-stub disabled="true" size="normal" secondary="true" type="submit">Submit Translation</bh-button-stub>
      </bh-field-stub>
    </div>
  </form>
  <div class="columns is-variable is-1">
    <div class="column">
      <bh-field-stub errors="">
        <entities-input-stub value="" repository="[object Object]" text="" availableaddlabel="true" availableentities="" availablelabels="" customlabeldisabled="true" entitiesforedit=""></entities-input-stub>
      </bh-field-stub>
    </div>
  </div>
</div>
`;
