// Jest Snapshot v1, https://goo.gl/fbAQLP

exports[`TranslationItem.vue renders correctly 1`] = `
<div class="translation">
  <div class="translation-text">
    <div class="columns is-mobile">
      <div class="column">
        <highlighted-text-stub text="oi" entities="" allentities=""></highlighted-text-stub>
      </div>
      <div class="column is-narrow"><button class="button is-small is-primary"><span>Show Original</span></button></div>
    </div>
  </div>
  <!---->
  <div class="translation-infos level is-mobile">
    <div class="level-left">
      <div class="level-item"><strong>Translated from&nbsp;</strong> <span>en&nbsp;</span>
        <flag-stub language="en"></flag-stub> <strong>&nbsp;</strong> <strong>to&nbsp;</strong> <span>pt&nbsp;</span>
        <flag-stub language="pt"></flag-stub>
      </div>
      <div class="level-item has-text-grey-light">
        3 months ago
      </div>
    </div>
    <!---->
  </div>
</div>
`;
