// Jest Snapshot v1, https://goo.gl/fbAQLP

exports[`EditProfileForm.vue renders correctly 1`] = `
<form>
  <!---->
  <formgenerator-stub schema="[object Object]" errors="[object Object]" initialdata="[object Object]" class="field"></formgenerator-stub>
  <div class="field">
    <div class="control has-text-centered"><button type="submit" class="button is-primary">Edit</button></div>
  </div>
</form>
`;
