// Jest Snapshot v1, https://goo.gl/fbAQLP

exports[`UserAvatar.vue renders correctly 1`] = `
<div class="avatar avatar--clickable avatar--normal">
  <div class="avatar__content avatar--normal"><img src="https://robohash.org/botinho" class="normal"></div>
</div>
`;

exports[`UserAvatar.vue with small size renders correctly 1`] = `
<div class="avatar avatar--clickable avatar--small">
  <div class="avatar__content avatar--small"><img src="https://robohash.org/botinho" class="small"></div>
</div>
`;
