// Jest Snapshot v1, https://goo.gl/fbAQLP

exports[`UserAvatar.vue renders correctly 1`] = `<bhavatar-stub size="normal"><img src="https://robohash.org/undefined" class="small"></bhavatar-stub>`;

exports[`UserAvatar.vue with small size renders correctly 1`] = `<bhavatar-stub size="small"><img src="https://robohash.org/undefined" class="small"></bhavatar-stub>`;
