// Jest Snapshot v1, https://goo.gl/fbAQLP

exports[`CategoriesList.vue renders correctly 1`] = `
<div>
  <div class="bh-grid categories-list">
    <div class="bh-grid__item bh-grid__item--nested text-right">
      <bhdropdown-stub position="left" title="All categories">
        <bhdropdownitem-stub>All categories</bhdropdownitem-stub>
      </bhdropdown-stub>
    </div>
  </div>
</div>
`;
