// Jest Snapshot v1, https://goo.gl/fbAQLP

exports[`HighlightedText.vue renders correctly 1`] = `
<div class="highlighted">
  <div class="highlighted-base">text</div>
  <div class="highlighted-text">text</div>
  <div>
    <div class="highlighted-entity"><span class="highlighted-entity-before"></span> <span class="highlighted-entity-text entity-mediterranean-sea false">

      </span></div>
  </div>
</div>
`;
