// Jest Snapshot v1, https://goo.gl/fbAQLP

exports[`Layout.vue renders correctly 1`] = `
<div class="layout">
  <div class="layout__header">
    <div class="bh-grid bh-grid--space-between bh-grid--row">
      <router-link-stub to="/" tag="a" event="click" class="bh-grid__item layout__header__logo"><img src="@/assets/imgs/logo-white.svg" alt="Bothub" class="hide-mobile"> <img src="@/assets/imgs/icon-white.svg" alt="Bothub" class="hide-desktop"></router-link-stub>
      <!---->
      <div class="bh-grid__item bh-grid__item--nested">
        <div class="bh-grid bh-grid--row">
          <!---->
          <!---->
          <div class="bh-grid__item">
            <bhbutton-stub color="fake-white" transparent="true" type="button" maxcontent="true">sign in</bhbutton-stub>
          </div>
          <div class="bh-grid__item">
            <bhbutton-stub primary="true" inverted="true" type="button" maxcontent="true" class="hide-mobile">sign up</bhbutton-stub>
          </div>
        </div>
      </div>
    </div>
  </div>
  <div class="layout__content"></div>
  <sitefooter-stub></sitefooter-stub>
  <newrepositorymodal-stub></newrepositorymodal-stub>
</div>
`;
