// Jest Snapshot v1, https://goo.gl/fbAQLP

exports[`SentenceAccordion.vue renders correctly 1`] = `
<div class="expander">
  <div class="expander__trigger before-border border align-center">
    <div class="expander__trigger__check"></div>
    <div class="expander__trigger__header"></div>
    <div class="expander__trigger__options"></div>
  </div>
  <div class="expander__body" style="display: none;" name="fade"></div>
</div>
`;
