// Jest Snapshot v1, https://goo.gl/fbAQLP

exports[`SiteFooter.vue renders correctly 1`] = `
<footer>
  <div class="container container-padding">
    <div class="footer-content">
      <div class="columns">
        <div class="column">
          <div class="footer-item footer-brand">
            <img src="~@/assets/imgs/logo-white.svg" alt="bothub">
            <div>Webapp v1.10.2</div>
          </div>
          <ul class="footer-item">
            <li>
              <a href="#">Terms &amp; conditions</a>
            </li>
          </ul>
          <ul class="footer-item footer-sociallist">
            <li class="footer-sociallist-item">
              <a href="https://www.facebook.com/bothub.it" target="_blank">
                <bicon-stub></bicon-stub>
              </a>
            </li>
            <li class="footer-sociallist-item">
              <a href="https://github.com/Ilhasoft/bothub/" target="_blank">
                <bicon-stub></bicon-stub>
              </a>
            </li>
          </ul>
        </div>
        <div class="column">
          <h4 class="footer-title has-text-white">Contact Us</h4>
          <div class="footer-section-item">
            <p>bothub@ilhasoft.com.br</p>
          </div>
          <div class="footer-section-item">
            <p>Rua José Pontes de Magalhães 70,</p>
            <p>JTR Ed. Espanha Sala 803,</p>
            <p>Jatiúca - Maceió AL</p>
          </div>
          <div class="footer-section-item">
            <p>+55 82 3022.5978</p>
          </div>
        </div>
        <div class="column">
          <h4 class="footer-title has-text-white">Subscribe</h4>
          <div class="footer-section-item">
            <p>Enter your email to get notified about our new solutions</p>
          </div>
          <form>
            <div class="footer-has-input">
              <bfield-stub>
                <input type="email" placeholder="your@email.com" class="input footer-input"> <span class="control"><button class="button is-secondary"><bicon-stub></bicon-stub></button></span></bfield-stub>
            </div>
          </form>
        </div>
      </div>
    </div>
    <div class="footer-license">
      <p class="has-text-centered">Bothub is a project by Ilhasoft. © 2018 All rights reserved.</p>
    </div>
  </div>
</footer>
`;
