// Jest Snapshot v1, https://goo.gl/fbAQLP

exports[`TranslateList.vue renders correctly 1`] = `
<div repository="[object Object]">
  <div class="repository-translate__list__options">
    <div class="repository-translate__list__options__check">
      <b-checkbox-stub truevalue="true"></b-checkbox-stub> <span>some specific text</span>
    </div>
    <div class="repository-translate__list__options__buttons">
      <b-button-stub type="is-primary" iconright="pencil" nativetype="button" tag="button"></b-button-stub>
      <b-button-stub type="is-primary" iconright="delete" nativetype="button" tag="button"></b-button-stub>
      <b-tooltip-stub active="true" type="is-primary" label="some specific text" position="is-top" triggers="hover" size="is-medium" animated="true" animation="fade" autoclose="true">
        <b-button-stub type="is-primary" iconright="check-bold" nativetype="button" tag="button" style="display: none;"></b-button-stub>
      </b-tooltip-stub>
      <b-button-stub type="is-primary" iconright="close-thick" nativetype="button" tag="button" style="display: none;"></b-button-stub>
    </div>
  </div>
  <!---->
</div>
`;
