// Jest Snapshot v1, https://goo.gl/fbAQLP

exports[`RepositoryCard.vue renders correctly 1`] = `
<div>
  <bfield-stub>
    <languageselect-stub></languageselect-stub>
  </bfield-stub>
  <bfield-stub>
    <binput-stub></binput-stub>
  </bfield-stub>
  <btabs-stub>
    <btabitem-stub>
      <div class="pre">curl -X POST \\ -H 'Authorization: Bearer 8511fd26-a3bc-4f74-9af1-176abca5401d' \\ -F 'language=en' \\ -F "text=" \\ https://nlp.bothub.it/parse/
      </div>
    </btabitem-stub>
    <btabitem-stub>
      <div class="pre">import requests data = { 'language': 'en', 'text': '', } headers = { 'Authorization': 'Bearer 8511fd26-a3bc-4f74-9af1-176abca5401d' } r = requests.post('https://nlp.bothub.it/parse/', headers=headers, data=data) print(r.json())
      </div>
    </btabitem-stub>
    <btabitem-stub>
      <div class="pre">var data = new FormData(); data.append('language', 'en'); data.append('text', ''); var request = new XMLHttpRequest(); request.onload = function () { console.log(JSON.parse(request.response)); }; request.open('POST', 'https://nlp.bothub.it/parse/');
        request.setRequestHeader('Authorization', 'Bearer 8511fd26-a3bc-4f74-9af1-176abca5401d'); request.send(data);
      </div>
    </btabitem-stub>
  </btabs-stub>
</div>
`;
