// Jest Snapshot v1, https://goo.gl/fbAQLP

exports[`BeginnerTutorial.vue renders correctly 1`] = `
<bh-modal-stub open="true" title="some specific text" backgroundcloses="true">
  <div class="beginner-tutorial">
    <div class="beginner-tutorial__wrapper bh-grid bh-grid--column text-center">
      <div class="bh-grid__item bh-grid__item--nested"><img src="~@/assets/gifs/step1.gif">
        <div class="beginner-tutorial__wrapper__text">
          <div>
            <p>some specific text</p>
            <p>some specific text</p>
          </div>
        </div>
      </div>
      <!---->
      <!---->
      <!---->
    </div>
    <div class="beginner-tutorial__wrapper__footer">
      <bh-button-stub primary="true" type="button" class="beginner-tutorial__wrapper__footer__prev-button--hidden beginner-tutorial__wrapper__footer__prev-button">some specific text</bh-button-stub>
      <bh-button-stub primary="true" type="button" class="beginner-tutorial__wrapper__footer__next-button">some specific text</bh-button-stub>
      <bh-stepper-stub steps="4" currentstep="1"></bh-stepper-stub>
    </div>
  </div>
</bh-modal-stub>
`;
