// Jest Snapshot v1, https://goo.gl/fbAQLP

exports[`CreateRepositoryForm renders correctly 1`] = `
<div>
  <form class="create-repository">
    <div class="create-repository__form__wrapper">
      <h1 class="create-repository__title"> some specific text </h1>
      <p>some specific text</p>
      <loading-stub></loading-stub>
      <div id="tour-create_intelligence_forms-step-0" is-next-disabled="true" class="create-repository__container">
        <!---->
        <div class="create-repository__form__style">
          <b-button-stub type="is-primary" nativetype="button" tag="button" class="create-repository__form__style__button"> some specific text
          </b-button-stub>
        </div>
      </div>
    </div>
    <div class="create-repository__form__wrapper" style="display: none;">
      <h1 class="create-repository__title">
        some specific text
      </h1>
      <p>some specific text</p>
      <loading-stub></loading-stub>
      <div id="tour-create_intelligence_forms-step-1" is-finish-disabled="true" is-previous-disabled="true" class="">
        <!---->
        <div class="create-repository__buttons">
          <b-button-stub type="is-primary" nativetype="button" tag="button" class="create-repository__form__buttons"> some specific text
          </b-button-stub> <span class=""><b-button-stub type="is-primary" nativetype="submit" tag="button" disabled="true" class="create-repository__form__buttons"> some specific text
            </b-button-stub></span>
        </div>
      </div>
    </div>
    <!---->
    <div class="create-repository__card__wrapper">
      <div class="create-repository__card">
        <repository-card-stub single="true" name="some specific text" available_languages="some specific text" language="some specific text" owner__nickname="" categories="[object Object]" categories_list="some specific text" slug="some specific text"></repository-card-stub>
      </div>
    </div>
  </form>
  <!---->
</div>
`;
