// Jest Snapshot v1, https://goo.gl/fbAQLP

exports[`EditRepositoryForm.vue renders correctly 1`] = `
<form>
  <!---->
  <form-generator-stub schema="[object Object]" errors="[object Object]" initialdata="[object Object]"></form-generator-stub>
  <div class="text-center">
    <bh-button-stub primary="true" type="submit">Save</bh-button-stub>
  </div>
</form>
`;
