// Jest Snapshot v1, https://goo.gl/fbAQLP

exports[`IntentsAndLabelsList.vue renders correctly 1`] = `
<div class="intents-and-labels-list">
  <div class="intents-and-labels-list__radio">
    <bhbutton-stub class="intents-and-labels-list__radio__button">
      Intents
    </bhbutton-stub>
    <bhbutton-stub class="intents-and-labels-list__radio__button">
      Labels
    </bhbutton-stub>
  </div>
  <div>
    <intentsandlabelscard-stub class="intents-and-labels-list__item"></intentsandlabelscard-stub>
    <intentsandlabelscard-stub class="intents-and-labels-list__item"></intentsandlabelscard-stub>
    <intentsandlabelscard-stub class="intents-and-labels-list__item"></intentsandlabelscard-stub>
  </div>
</div>
`;
