// Jest Snapshot v1, https://goo.gl/fbAQLP

exports[`RepositoryCard.vue renders correctly 1`] = `
<div>
  <b-field-stub label="some specific text" addons="true">
    <language-select-stub value="en" exclude=""></language-select-stub>
  </b-field-stub>
  <b-field-stub label="some specific text" addons="true">
    <b-input-stub value="" type="textarea" hascounter="true" customclass=""></b-input-stub>
  </b-field-stub>
  <b-tabs-stub value="0" animated="true" id="tour-integrate-step-1">
    <b-tab-item-stub label="cURL" visible="true">
      <bh-highlighted-pre-stub code="curl -X POST \\
  -H 'Authorization: Bearer 8511fd26-a3bc-4f74-9af1-176abca5401d' \\
  -F 'language=en' \\
  -F &quot;text=&quot; \\
  http://localhost:2657/parse/" codeclass="bash"></bh-highlighted-pre-stub>
    </b-tab-item-stub>
    <b-tab-item-stub label="Python" visible="true">
      <bh-highlighted-pre-stub code="import requests

data = {
  'language': 'en',
  'text': '',
}

headers = { 'Authorization': 'Bearer 8511fd26-a3bc-4f74-9af1-176abca5401d' }
r = requests.post('http://localhost:2657/parse/', headers=headers, data=data)
print(r.json())" codeclass="python"></bh-highlighted-pre-stub>
    </b-tab-item-stub>
    <b-tab-item-stub label="Javascript" visible="true">
      <bh-highlighted-pre-stub code="var data = new FormData();
data.append('language', 'en');
data.append('text', '');

var request = new XMLHttpRequest();
request.onload = function () {
  console.log(JSON.parse(request.response));
};

request.open('POST', 'http://localhost:2657/parse/');
request.setRequestHeader('Authorization', 'Bearer 8511fd26-a3bc-4f74-9af1-176abca5401d');
request.send(data);" codeclass="javascript"></bh-highlighted-pre-stub>
    </b-tab-item-stub>
  </b-tabs-stub>
</div>
`;
