// Jest Snapshot v1, https://goo.gl/fbAQLP

exports[`RequestAuthorizationForm.vue renders correctly 1`] = `
<form>
  <!---->
  <formgenerator-stub schema="[object Object]" errors="[object Object]" initialdata="[object Object]"></formgenerator-stub>
  <div>
    <bh-button full-width="" type="submit" primary=""> Request </bh-button>
  </div>
</form>
`;
