// Jest Snapshot v1, https://goo.gl/fbAQLP

exports[`TrainResponse.vue renders correctly 1`] = `
<b-modal-stub active="true" width="567" animation="zoom-out" oncancel="function _default() {}" scroll="clip" destroyonhide="true">
  <div class="train-response">
    <div class="train-response__close">
      <b-icon-stub icon="close" class="train-response__close__icon"></b-icon-stub>
    </div>
    <div class="train-response__container">
      <h2>some specific text</h2>
      <p>some specific text</p>
      <b-button-stub type="is-primary" nativetype="button" tag="button" class="train-response__container__button__style"><span>some specific text</span></b-button-stub>
    </div>
  </div>
</b-modal-stub>
`;
